2026-03-14T06:47:29+00:00 CRITICAL Uncaught RuntimeException: Unable to claim actions. Database error: <div style="clear:both">&nbsp;</div>
<div class="queries" style="clear:both;margin-bottom:2px;border:red dotted thin;">
<p>MySQL query:</p>
<p>UPDATE wp_actionscheduler_actions t1 JOIN ( SELECT action_id from wp_actionscheduler_actions WHERE claim_id = 0 AND scheduled_date_gmt <= '2026-03-14 06:47:29' AND status='pending' ORDER BY priority ASC, attempts ASC, scheduled_date_gmt ASC, action_id ASC LIMIT 25 FOR UPDATE ) t2 ON t1.action_id = t2.action_id SET claim_id=677, last_attempt_gmt='2026-03-14 06:47:29', last_attempt_local='2026-03-14 06:47:29'</p>
<p>Queries made or created this session were:</p>
<ol>
<li>Executing: BEGIN | (no parameters)</li>
<li>Executing: UPDATE wp_actionscheduler_actions t1 JOIN ( SELECT action_id from wp_actionscheduler_actions WHERE claim_id = 0 AND scheduled_date_gmt &lt;= :param0  AND status=:param1  ORDER BY priority ASC, attempts ASC, scheduled_date_gmt ASC, action_id ASC LIMIT 25 FOR UPDATE ) t2 ON t1.action_i CONTEXT: {"error":{"type":1,"file":"/var/www/html/wp-content/plugins/woocommerce/packages/action-scheduler/classes/data-stores/ActionScheduler_DBStore.php","line":1019},"remote-logging":true,"backtrace":[{"file":"/var/www/html/wp-content/plugins/woocommerce/includes/class-woocommerce.php","line":460,"function":"critical","class":"WC_Logger","type":"->"},{"function":"log_errors","class":"WooCommerce","type":"->"}]}
2026-03-14T06:47:32+00:00 CRITICAL Uncaught RuntimeException: Unable to claim actions. Database error: <div style="clear:both">&nbsp;</div>
<div class="queries" style="clear:both;margin-bottom:2px;border:red dotted thin;">
<p>MySQL query:</p>
<p>UPDATE wp_actionscheduler_actions t1 JOIN ( SELECT action_id from wp_actionscheduler_actions WHERE claim_id = 0 AND scheduled_date_gmt <= '2026-03-14 06:47:32' AND status='pending' ORDER BY priority ASC, attempts ASC, scheduled_date_gmt ASC, action_id ASC LIMIT 25 FOR UPDATE ) t2 ON t1.action_id = t2.action_id SET claim_id=678, last_attempt_gmt='2026-03-14 06:47:32', last_attempt_local='2026-03-14 06:47:32'</p>
<p>Queries made or created this session were:</p>
<ol>
<li>Executing: BEGIN | (no parameters)</li>
<li>Executing: UPDATE wp_actionscheduler_actions t1 JOIN ( SELECT action_id from wp_actionscheduler_actions WHERE claim_id = 0 AND scheduled_date_gmt &lt;= :param0  AND status=:param1  ORDER BY priority ASC, attempts ASC, scheduled_date_gmt ASC, action_id ASC LIMIT 25 FOR UPDATE ) t2 ON t1.action_i CONTEXT: {"error":{"type":1,"file":"/var/www/html/wp-content/plugins/woocommerce/packages/action-scheduler/classes/data-stores/ActionScheduler_DBStore.php","line":1019},"remote-logging":true,"backtrace":[{"file":"/var/www/html/wp-content/plugins/woocommerce/includes/class-woocommerce.php","line":460,"function":"critical","class":"WC_Logger","type":"->"},{"function":"log_errors","class":"WooCommerce","type":"->"}]}
2026-03-14T06:48:43+00:00 CRITICAL Uncaught RuntimeException: Unable to claim actions. Database error: <div style="clear:both">&nbsp;</div>
<div class="queries" style="clear:both;margin-bottom:2px;border:red dotted thin;">
<p>MySQL query:</p>
<p>UPDATE wp_actionscheduler_actions t1 JOIN ( SELECT action_id from wp_actionscheduler_actions WHERE claim_id = 0 AND scheduled_date_gmt <= '2026-03-14 06:48:43' AND status='pending' ORDER BY priority ASC, attempts ASC, scheduled_date_gmt ASC, action_id ASC LIMIT 25 FOR UPDATE ) t2 ON t1.action_id = t2.action_id SET claim_id=679, last_attempt_gmt='2026-03-14 06:48:43', last_attempt_local='2026-03-14 06:48:43'</p>
<p>Queries made or created this session were:</p>
<ol>
<li>Executing: BEGIN | (no parameters)</li>
<li>Executing: UPDATE wp_actionscheduler_actions t1 JOIN ( SELECT action_id from wp_actionscheduler_actions WHERE claim_id = 0 AND scheduled_date_gmt &lt;= :param0  AND status=:param1  ORDER BY priority ASC, attempts ASC, scheduled_date_gmt ASC, action_id ASC LIMIT 25 FOR UPDATE ) t2 ON t1.action_i CONTEXT: {"error":{"type":1,"file":"/var/www/html/wp-content/plugins/woocommerce/packages/action-scheduler/classes/data-stores/ActionScheduler_DBStore.php","line":1019},"remote-logging":true,"backtrace":[{"file":"/var/www/html/wp-content/plugins/woocommerce/includes/class-woocommerce.php","line":460,"function":"critical","class":"WC_Logger","type":"->"},{"function":"log_errors","class":"WooCommerce","type":"->"}]}
2026-03-14T07:02:52+00:00 CRITICAL Uncaught RuntimeException: Unable to claim actions. Database error: <div style="clear:both">&nbsp;</div>
<div class="queries" style="clear:both;margin-bottom:2px;border:red dotted thin;">
<p>MySQL query:</p>
<p>UPDATE wp_actionscheduler_actions t1 JOIN ( SELECT action_id from wp_actionscheduler_actions WHERE claim_id = 0 AND scheduled_date_gmt <= '2026-03-14 07:02:52' AND status='pending' ORDER BY priority ASC, attempts ASC, scheduled_date_gmt ASC, action_id ASC LIMIT 25 FOR UPDATE ) t2 ON t1.action_id = t2.action_id SET claim_id=680, last_attempt_gmt='2026-03-14 07:02:52', last_attempt_local='2026-03-14 07:02:52'</p>
<p>Queries made or created this session were:</p>
<ol>
<li>Executing: BEGIN | (no parameters)</li>
<li>Executing: UPDATE wp_actionscheduler_actions t1 JOIN ( SELECT action_id from wp_actionscheduler_actions WHERE claim_id = 0 AND scheduled_date_gmt &lt;= :param0  AND status=:param1  ORDER BY priority ASC, attempts ASC, scheduled_date_gmt ASC, action_id ASC LIMIT 25 FOR UPDATE ) t2 ON t1.action_i CONTEXT: {"error":{"type":1,"file":"/var/www/html/wp-content/plugins/woocommerce/packages/action-scheduler/classes/data-stores/ActionScheduler_DBStore.php","line":1019},"remote-logging":true,"backtrace":[{"file":"/var/www/html/wp-content/plugins/woocommerce/includes/class-woocommerce.php","line":460,"function":"critical","class":"WC_Logger","type":"->"},{"function":"log_errors","class":"WooCommerce","type":"->"}]}
2026-03-14T07:02:55+00:00 CRITICAL Uncaught RuntimeException: Unable to claim actions. Database error: <div style="clear:both">&nbsp;</div>
<div class="queries" style="clear:both;margin-bottom:2px;border:red dotted thin;">
<p>MySQL query:</p>
<p>UPDATE wp_actionscheduler_actions t1 JOIN ( SELECT action_id from wp_actionscheduler_actions WHERE claim_id = 0 AND scheduled_date_gmt <= '2026-03-14 07:02:55' AND status='pending' ORDER BY priority ASC, attempts ASC, scheduled_date_gmt ASC, action_id ASC LIMIT 25 FOR UPDATE ) t2 ON t1.action_id = t2.action_id SET claim_id=681, last_attempt_gmt='2026-03-14 07:02:55', last_attempt_local='2026-03-14 07:02:55'</p>
<p>Queries made or created this session were:</p>
<ol>
<li>Executing: BEGIN | (no parameters)</li>
<li>Executing: UPDATE wp_actionscheduler_actions t1 JOIN ( SELECT action_id from wp_actionscheduler_actions WHERE claim_id = 0 AND scheduled_date_gmt &lt;= :param0  AND status=:param1  ORDER BY priority ASC, attempts ASC, scheduled_date_gmt ASC, action_id ASC LIMIT 25 FOR UPDATE ) t2 ON t1.action_i CONTEXT: {"error":{"type":1,"file":"/var/www/html/wp-content/plugins/woocommerce/packages/action-scheduler/classes/data-stores/ActionScheduler_DBStore.php","line":1019},"remote-logging":true,"backtrace":[{"file":"/var/www/html/wp-content/plugins/woocommerce/includes/class-woocommerce.php","line":460,"function":"critical","class":"WC_Logger","type":"->"},{"function":"log_errors","class":"WooCommerce","type":"->"}]}
2026-03-14T07:03:57+00:00 CRITICAL Uncaught RuntimeException: Unable to claim actions. Database error: <div style="clear:both">&nbsp;</div>
<div class="queries" style="clear:both;margin-bottom:2px;border:red dotted thin;">
<p>MySQL query:</p>
<p>UPDATE wp_actionscheduler_actions t1 JOIN ( SELECT action_id from wp_actionscheduler_actions WHERE claim_id = 0 AND scheduled_date_gmt <= '2026-03-14 07:03:57' AND status='pending' ORDER BY priority ASC, attempts ASC, scheduled_date_gmt ASC, action_id ASC LIMIT 25 FOR UPDATE ) t2 ON t1.action_id = t2.action_id SET claim_id=682, last_attempt_gmt='2026-03-14 07:03:57', last_attempt_local='2026-03-14 07:03:57'</p>
<p>Queries made or created this session were:</p>
<ol>
<li>Executing: BEGIN | (no parameters)</li>
<li>Executing: UPDATE wp_actionscheduler_actions t1 JOIN ( SELECT action_id from wp_actionscheduler_actions WHERE claim_id = 0 AND scheduled_date_gmt &lt;= :param0  AND status=:param1  ORDER BY priority ASC, attempts ASC, scheduled_date_gmt ASC, action_id ASC LIMIT 25 FOR UPDATE ) t2 ON t1.action_i CONTEXT: {"error":{"type":1,"file":"/var/www/html/wp-content/plugins/woocommerce/packages/action-scheduler/classes/data-stores/ActionScheduler_DBStore.php","line":1019},"remote-logging":true,"backtrace":[{"file":"/var/www/html/wp-content/plugins/woocommerce/includes/class-woocommerce.php","line":460,"function":"critical","class":"WC_Logger","type":"->"},{"function":"log_errors","class":"WooCommerce","type":"->"}]}
2026-03-14T07:03:58+00:00 CRITICAL Uncaught RuntimeException: Unable to claim actions. Database error: <div style="clear:both">&nbsp;</div>
<div class="queries" style="clear:both;margin-bottom:2px;border:red dotted thin;">
<p>MySQL query:</p>
<p>UPDATE wp_actionscheduler_actions t1 JOIN ( SELECT action_id from wp_actionscheduler_actions WHERE claim_id = 0 AND scheduled_date_gmt <= '2026-03-14 07:03:58' AND status='pending' ORDER BY priority ASC, attempts ASC, scheduled_date_gmt ASC, action_id ASC LIMIT 25 FOR UPDATE ) t2 ON t1.action_id = t2.action_id SET claim_id=683, last_attempt_gmt='2026-03-14 07:03:58', last_attempt_local='2026-03-14 07:03:58'</p>
<p>Queries made or created this session were:</p>
<ol>
<li>Executing: BEGIN | (no parameters)</li>
<li>Executing: UPDATE wp_actionscheduler_actions t1 JOIN ( SELECT action_id from wp_actionscheduler_actions WHERE claim_id = 0 AND scheduled_date_gmt &lt;= :param0  AND status=:param1  ORDER BY priority ASC, attempts ASC, scheduled_date_gmt ASC, action_id ASC LIMIT 25 FOR UPDATE ) t2 ON t1.action_i CONTEXT: {"error":{"type":1,"file":"/var/www/html/wp-content/plugins/woocommerce/packages/action-scheduler/classes/data-stores/ActionScheduler_DBStore.php","line":1019},"remote-logging":true,"backtrace":[{"file":"/var/www/html/wp-content/plugins/woocommerce/includes/class-woocommerce.php","line":460,"function":"critical","class":"WC_Logger","type":"->"},{"function":"log_errors","class":"WooCommerce","type":"->"}]}
2026-03-14T07:05:09+00:00 CRITICAL Uncaught RuntimeException: Unable to claim actions. Database error: <div style="clear:both">&nbsp;</div>
<div class="queries" style="clear:both;margin-bottom:2px;border:red dotted thin;">
<p>MySQL query:</p>
<p>UPDATE wp_actionscheduler_actions t1 JOIN ( SELECT action_id from wp_actionscheduler_actions WHERE claim_id = 0 AND scheduled_date_gmt <= '2026-03-14 07:05:09' AND status='pending' ORDER BY priority ASC, attempts ASC, scheduled_date_gmt ASC, action_id ASC LIMIT 25 FOR UPDATE ) t2 ON t1.action_id = t2.action_id SET claim_id=684, last_attempt_gmt='2026-03-14 07:05:09', last_attempt_local='2026-03-14 07:05:09'</p>
<p>Queries made or created this session were:</p>
<ol>
<li>Executing: BEGIN | (no parameters)</li>
<li>Executing: UPDATE wp_actionscheduler_actions t1 JOIN ( SELECT action_id from wp_actionscheduler_actions WHERE claim_id = 0 AND scheduled_date_gmt &lt;= :param0  AND status=:param1  ORDER BY priority ASC, attempts ASC, scheduled_date_gmt ASC, action_id ASC LIMIT 25 FOR UPDATE ) t2 ON t1.action_i CONTEXT: {"error":{"type":1,"file":"/var/www/html/wp-content/plugins/woocommerce/packages/action-scheduler/classes/data-stores/ActionScheduler_DBStore.php","line":1019},"remote-logging":true,"backtrace":[{"file":"/var/www/html/wp-content/plugins/woocommerce/includes/class-woocommerce.php","line":460,"function":"critical","class":"WC_Logger","type":"->"},{"function":"log_errors","class":"WooCommerce","type":"->"}]}
2026-03-14T07:06:58+00:00 CRITICAL Uncaught RuntimeException: Unable to claim actions. Database error: <div style="clear:both">&nbsp;</div>
<div class="queries" style="clear:both;margin-bottom:2px;border:red dotted thin;">
<p>MySQL query:</p>
<p>UPDATE wp_actionscheduler_actions t1 JOIN ( SELECT action_id from wp_actionscheduler_actions WHERE claim_id = 0 AND scheduled_date_gmt <= '2026-03-14 07:06:58' AND status='pending' ORDER BY priority ASC, attempts ASC, scheduled_date_gmt ASC, action_id ASC LIMIT 25 FOR UPDATE ) t2 ON t1.action_id = t2.action_id SET claim_id=685, last_attempt_gmt='2026-03-14 07:06:58', last_attempt_local='2026-03-14 07:06:58'</p>
<p>Queries made or created this session were:</p>
<ol>
<li>Executing: BEGIN | (no parameters)</li>
<li>Executing: UPDATE wp_actionscheduler_actions t1 JOIN ( SELECT action_id from wp_actionscheduler_actions WHERE claim_id = 0 AND scheduled_date_gmt &lt;= :param0  AND status=:param1  ORDER BY priority ASC, attempts ASC, scheduled_date_gmt ASC, action_id ASC LIMIT 25 FOR UPDATE ) t2 ON t1.action_i CONTEXT: {"error":{"type":1,"file":"/var/www/html/wp-content/plugins/woocommerce/packages/action-scheduler/classes/data-stores/ActionScheduler_DBStore.php","line":1019},"remote-logging":true,"backtrace":[{"file":"/var/www/html/wp-content/plugins/woocommerce/includes/class-woocommerce.php","line":460,"function":"critical","class":"WC_Logger","type":"->"},{"function":"log_errors","class":"WooCommerce","type":"->"}]}
2026-03-14T07:07:01+00:00 CRITICAL Uncaught RuntimeException: Unable to claim actions. Database error: <div style="clear:both">&nbsp;</div>
<div class="queries" style="clear:both;margin-bottom:2px;border:red dotted thin;">
<p>MySQL query:</p>
<p>UPDATE wp_actionscheduler_actions t1 JOIN ( SELECT action_id from wp_actionscheduler_actions WHERE claim_id = 0 AND scheduled_date_gmt <= '2026-03-14 07:07:01' AND status='pending' ORDER BY priority ASC, attempts ASC, scheduled_date_gmt ASC, action_id ASC LIMIT 25 FOR UPDATE ) t2 ON t1.action_id = t2.action_id SET claim_id=686, last_attempt_gmt='2026-03-14 07:07:01', last_attempt_local='2026-03-14 07:07:01'</p>
<p>Queries made or created this session were:</p>
<ol>
<li>Executing: BEGIN | (no parameters)</li>
<li>Executing: UPDATE wp_actionscheduler_actions t1 JOIN ( SELECT action_id from wp_actionscheduler_actions WHERE claim_id = 0 AND scheduled_date_gmt &lt;= :param0  AND status=:param1  ORDER BY priority ASC, attempts ASC, scheduled_date_gmt ASC, action_id ASC LIMIT 25 FOR UPDATE ) t2 ON t1.action_i CONTEXT: {"error":{"type":1,"file":"/var/www/html/wp-content/plugins/woocommerce/packages/action-scheduler/classes/data-stores/ActionScheduler_DBStore.php","line":1019},"remote-logging":true,"backtrace":[{"file":"/var/www/html/wp-content/plugins/woocommerce/includes/class-woocommerce.php","line":460,"function":"critical","class":"WC_Logger","type":"->"},{"function":"log_errors","class":"WooCommerce","type":"->"}]}
2026-03-14T07:08:00+00:00 CRITICAL Uncaught RuntimeException: Unable to claim actions. Database error: <div style="clear:both">&nbsp;</div>
<div class="queries" style="clear:both;margin-bottom:2px;border:red dotted thin;">
<p>MySQL query:</p>
<p>UPDATE wp_actionscheduler_actions t1 JOIN ( SELECT action_id from wp_actionscheduler_actions WHERE claim_id = 0 AND scheduled_date_gmt <= '2026-03-14 07:08:00' AND status='pending' ORDER BY priority ASC, attempts ASC, scheduled_date_gmt ASC, action_id ASC LIMIT 25 FOR UPDATE ) t2 ON t1.action_id = t2.action_id SET claim_id=687, last_attempt_gmt='2026-03-14 07:08:00', last_attempt_local='2026-03-14 07:08:00'</p>
<p>Queries made or created this session were:</p>
<ol>
<li>Executing: BEGIN | (no parameters)</li>
<li>Executing: UPDATE wp_actionscheduler_actions t1 JOIN ( SELECT action_id from wp_actionscheduler_actions WHERE claim_id = 0 AND scheduled_date_gmt &lt;= :param0  AND status=:param1  ORDER BY priority ASC, attempts ASC, scheduled_date_gmt ASC, action_id ASC LIMIT 25 FOR UPDATE ) t2 ON t1.action_i CONTEXT: {"error":{"type":1,"file":"/var/www/html/wp-content/plugins/woocommerce/packages/action-scheduler/classes/data-stores/ActionScheduler_DBStore.php","line":1019},"remote-logging":true,"backtrace":[{"file":"/var/www/html/wp-content/plugins/woocommerce/includes/class-woocommerce.php","line":460,"function":"critical","class":"WC_Logger","type":"->"},{"function":"log_errors","class":"WooCommerce","type":"->"}]}
2026-03-14T07:08:03+00:00 CRITICAL Uncaught RuntimeException: Unable to claim actions. Database error: <div style="clear:both">&nbsp;</div>
<div class="queries" style="clear:both;margin-bottom:2px;border:red dotted thin;">
<p>MySQL query:</p>
<p>UPDATE wp_actionscheduler_actions t1 JOIN ( SELECT action_id from wp_actionscheduler_actions WHERE claim_id = 0 AND scheduled_date_gmt <= '2026-03-14 07:08:03' AND status='pending' ORDER BY priority ASC, attempts ASC, scheduled_date_gmt ASC, action_id ASC LIMIT 25 FOR UPDATE ) t2 ON t1.action_id = t2.action_id SET claim_id=688, last_attempt_gmt='2026-03-14 07:08:03', last_attempt_local='2026-03-14 07:08:03'</p>
<p>Queries made or created this session were:</p>
<ol>
<li>Executing: BEGIN | (no parameters)</li>
<li>Executing: UPDATE wp_actionscheduler_actions t1 JOIN ( SELECT action_id from wp_actionscheduler_actions WHERE claim_id = 0 AND scheduled_date_gmt &lt;= :param0  AND status=:param1  ORDER BY priority ASC, attempts ASC, scheduled_date_gmt ASC, action_id ASC LIMIT 25 FOR UPDATE ) t2 ON t1.action_i CONTEXT: {"error":{"type":1,"file":"/var/www/html/wp-content/plugins/woocommerce/packages/action-scheduler/classes/data-stores/ActionScheduler_DBStore.php","line":1019},"remote-logging":true,"backtrace":[{"file":"/var/www/html/wp-content/plugins/woocommerce/includes/class-woocommerce.php","line":460,"function":"critical","class":"WC_Logger","type":"->"},{"function":"log_errors","class":"WooCommerce","type":"->"}]}
2026-03-14T07:08:26+00:00 CRITICAL Out of memory (allocated 31195136) (tried to allocate 3936256 bytes) CONTEXT: {"error":{"type":1,"file":"/var/www/html/wp-includes/functions.php","line":4386},"remote-logging":true,"backtrace":[{"file":"/var/www/html/wp-content/plugins/woocommerce/includes/class-woocommerce.php","line":460,"function":"critical","class":"WC_Logger","type":"->"},{"function":"log_errors","class":"WooCommerce","type":"->"}]}
2026-03-14T07:08:27+00:00 CRITICAL Out of memory (allocated 4194304) (tried to allocate 4194304 bytes) CONTEXT: {"error":{"type":1,"file":"/var/www/html/wp-content/plugins/woocommerce/src/Internal/Admin/Settings/PaymentsProviders/WooPayments/WooPaymentsService.php","line":723},"remote-logging":true,"backtrace":[{"file":"/var/www/html/wp-content/plugins/woocommerce/includes/class-woocommerce.php","line":460,"function":"critical","class":"WC_Logger","type":"->"},{"function":"log_errors","class":"WooCommerce","type":"->"}]}
2026-03-14T07:09:01+00:00 CRITICAL Uncaught Error: Class 'RN_Nav_Walker' not found in /var/www/html/wp-content/themes/themes/recruiternext/template-parts/header.php:31 CONTEXT: {"error":{"type":1,"file":"/var/www/html/wp-content/themes/themes/recruiternext/template-parts/header.php","line":31},"remote-logging":true,"backtrace":["","#0 /var/www/html/wp-includes/template.php(816): require()","#1 /var/www/html/wp-includes/template.php(749): load_template('/var/www/html/w...', false, Array)","#2 /var/www/html/wp-includes/general-template.php(206): locate_template(Array, true, false, Array)","#3 /var/www/html/wp-content/themes/themes/recruiternext/template-parts/dynamic-header.php(7): get_template_part('template-parts/...')","#4 /var/www/html/wp-includes/template.php(816): require('/var/www/html/w...')","#5 /var/www/html/wp-includes/template.php(749): load_template('/var/www/html/w...', false, Array)","#6 /var/www/html/wp-includes/general-template.php(206): locate_template(Array, true, false, Array)","#7 /var/www/html/wp-content/themes/themes/hello-elementor/header.php(37): get_template_part('template-parts/...')","#8 /var/www/html/wp-includes/template.php(814): require_once('/var/www/html/w...')","#9 /var/www/html/"]}
2026-03-14T07:09:05+00:00 CRITICAL Uncaught RuntimeException: Unable to claim actions. Database error: <div style="clear:both">&nbsp;</div>
<div class="queries" style="clear:both;margin-bottom:2px;border:red dotted thin;">
<p>MySQL query:</p>
<p>UPDATE wp_actionscheduler_actions t1 JOIN ( SELECT action_id from wp_actionscheduler_actions WHERE claim_id = 0 AND scheduled_date_gmt <= '2026-03-14 07:09:05' AND status='pending' ORDER BY priority ASC, attempts ASC, scheduled_date_gmt ASC, action_id ASC LIMIT 25 FOR UPDATE ) t2 ON t1.action_id = t2.action_id SET claim_id=689, last_attempt_gmt='2026-03-14 07:09:05', last_attempt_local='2026-03-14 07:09:05'</p>
<p>Queries made or created this session were:</p>
<ol>
<li>Executing: BEGIN | (no parameters)</li>
<li>Executing: UPDATE wp_actionscheduler_actions t1 JOIN ( SELECT action_id from wp_actionscheduler_actions WHERE claim_id = 0 AND scheduled_date_gmt &lt;= :param0  AND status=:param1  ORDER BY priority ASC, attempts ASC, scheduled_date_gmt ASC, action_id ASC LIMIT 25 FOR UPDATE ) t2 ON t1.action_i CONTEXT: {"error":{"type":1,"file":"/var/www/html/wp-content/plugins/woocommerce/packages/action-scheduler/classes/data-stores/ActionScheduler_DBStore.php","line":1019},"remote-logging":true,"backtrace":[{"file":"/var/www/html/wp-content/plugins/woocommerce/includes/class-woocommerce.php","line":460,"function":"critical","class":"WC_Logger","type":"->"},{"function":"log_errors","class":"WooCommerce","type":"->"}]}
2026-03-14T07:09:07+00:00 CRITICAL Uncaught Error: Class 'RN_Nav_Walker' not found in /var/www/html/wp-content/themes/themes/recruiternext/template-parts/header.php:31 CONTEXT: {"error":{"type":1,"file":"/var/www/html/wp-content/themes/themes/recruiternext/template-parts/header.php","line":31},"remote-logging":true,"backtrace":["","#0 /var/www/html/wp-includes/template.php(816): require()","#1 /var/www/html/wp-includes/template.php(749): load_template('/var/www/html/w...', false, Array)","#2 /var/www/html/wp-includes/general-template.php(206): locate_template(Array, true, false, Array)","#3 /var/www/html/wp-content/themes/themes/recruiternext/template-parts/dynamic-header.php(7): get_template_part('template-parts/...')","#4 /var/www/html/wp-includes/template.php(816): require('/var/www/html/w...')","#5 /var/www/html/wp-includes/template.php(749): load_template('/var/www/html/w...', false, Array)","#6 /var/www/html/wp-includes/general-template.php(206): locate_template(Array, true, false, Array)","#7 /var/www/html/wp-content/themes/themes/hello-elementor/header.php(37): get_template_part('template-parts/...')","#8 /var/www/html/wp-includes/template.php(814): require_once('/var/www/html/w...')","#9 /var/www/html/"]}
2026-03-14T07:09:23+00:00 CRITICAL Uncaught Error: Class 'RN_Nav_Walker' not found in /var/www/html/wp-content/themes/themes/recruiternext/template-parts/header.php:31 CONTEXT: {"error":{"type":1,"file":"/var/www/html/wp-content/themes/themes/recruiternext/template-parts/header.php","line":31},"remote-logging":true,"backtrace":["","#0 /var/www/html/wp-includes/template.php(816): require()","#1 /var/www/html/wp-includes/template.php(749): load_template('/var/www/html/w...', false, Array)","#2 /var/www/html/wp-includes/general-template.php(206): locate_template(Array, true, false, Array)","#3 /var/www/html/wp-content/themes/themes/recruiternext/template-parts/dynamic-header.php(7): get_template_part('template-parts/...')","#4 /var/www/html/wp-includes/template.php(816): require('/var/www/html/w...')","#5 /var/www/html/wp-includes/template.php(749): load_template('/var/www/html/w...', false, Array)","#6 /var/www/html/wp-includes/general-template.php(206): locate_template(Array, true, false, Array)","#7 /var/www/html/wp-content/themes/themes/hello-elementor/header.php(37): get_template_part('template-parts/...')","#8 /var/www/html/wp-includes/template.php(814): require_once('/var/www/html/w...')","#9 /var/www/html/"]}
2026-03-14T07:09:47+00:00 CRITICAL Uncaught Error: Class 'RN_Nav_Walker' not found in /var/www/html/wp-content/themes/themes/recruiternext/template-parts/header.php:31 CONTEXT: {"error":{"type":1,"file":"/var/www/html/wp-content/themes/themes/recruiternext/template-parts/header.php","line":31},"remote-logging":true,"backtrace":["","#0 /var/www/html/wp-includes/template.php(816): require()","#1 /var/www/html/wp-includes/template.php(749): load_template('/var/www/html/w...', false, Array)","#2 /var/www/html/wp-includes/general-template.php(206): locate_template(Array, true, false, Array)","#3 /var/www/html/wp-content/themes/themes/recruiternext/template-parts/dynamic-header.php(7): get_template_part('template-parts/...')","#4 /var/www/html/wp-includes/template.php(816): require('/var/www/html/w...')","#5 /var/www/html/wp-includes/template.php(749): load_template('/var/www/html/w...', false, Array)","#6 /var/www/html/wp-includes/general-template.php(206): locate_template(Array, true, false, Array)","#7 /var/www/html/wp-content/themes/themes/hello-elementor/header.php(37): get_template_part('template-parts/...')","#8 /var/www/html/wp-includes/template.php(814): require_once('/var/www/html/w...')","#9 /var/www/html/"]}
2026-03-14T07:10:37+00:00 CRITICAL Uncaught Error: Class 'RN_Nav_Walker' not found in /var/www/html/wp-content/themes/themes/recruiternext/template-parts/header.php:31 CONTEXT: {"error":{"type":1,"file":"/var/www/html/wp-content/themes/themes/recruiternext/template-parts/header.php","line":31},"remote-logging":true,"backtrace":["","#0 /var/www/html/wp-content/themes/themes/recruiternext/template-parts/dynamic-header.php(6): include()","#1 /var/www/html/wp-includes/template.php(816): require('/var/www/html/w...')","#2 /var/www/html/wp-includes/template.php(749): load_template('/var/www/html/w...', false, Array)","#3 /var/www/html/wp-includes/general-template.php(206): locate_template(Array, true, false, Array)","#4 /var/www/html/wp-content/themes/themes/hello-elementor/header.php(37): get_template_part('template-parts/...')","#5 /var/www/html/wp-includes/template.php(814): require_once('/var/www/html/w...')","#6 /var/www/html/wp-includes/template.php(749): load_template('/var/www/html/w...', true, Array)","#7 /var/www/html/wp-includes/general-template.php(48): locate_template(Array, true, true, Array)","#8 /var/www/html/wp-content/themes/themes/hello-elementor/index.php(14): get_header()","#9 /var/www/html/wp-in"]}
2026-03-14T07:11:30+00:00 CRITICAL Uncaught RuntimeException: Unable to claim actions. Database error: <div style="clear:both">&nbsp;</div>
<div class="queries" style="clear:both;margin-bottom:2px;border:red dotted thin;">
<p>MySQL query:</p>
<p>UPDATE wp_actionscheduler_actions t1 JOIN ( SELECT action_id from wp_actionscheduler_actions WHERE claim_id = 0 AND scheduled_date_gmt <= '2026-03-14 07:11:30' AND status='pending' ORDER BY priority ASC, attempts ASC, scheduled_date_gmt ASC, action_id ASC LIMIT 25 FOR UPDATE ) t2 ON t1.action_id = t2.action_id SET claim_id=690, last_attempt_gmt='2026-03-14 07:11:30', last_attempt_local='2026-03-14 07:11:30'</p>
<p>Queries made or created this session were:</p>
<ol>
<li>Executing: BEGIN | (no parameters)</li>
<li>Executing: UPDATE wp_actionscheduler_actions t1 JOIN ( SELECT action_id from wp_actionscheduler_actions WHERE claim_id = 0 AND scheduled_date_gmt &lt;= :param0  AND status=:param1  ORDER BY priority ASC, attempts ASC, scheduled_date_gmt ASC, action_id ASC LIMIT 25 FOR UPDATE ) t2 ON t1.action_i CONTEXT: {"error":{"type":1,"file":"/var/www/html/wp-content/plugins/woocommerce/packages/action-scheduler/classes/data-stores/ActionScheduler_DBStore.php","line":1019},"remote-logging":true,"backtrace":[{"file":"/var/www/html/wp-content/plugins/woocommerce/includes/class-woocommerce.php","line":460,"function":"critical","class":"WC_Logger","type":"->"},{"function":"log_errors","class":"WooCommerce","type":"->"}]}
2026-03-14T07:11:31+00:00 CRITICAL Uncaught Error: Class 'RN_Nav_Walker' not found in /var/www/html/wp-content/themes/themes/recruiternext/template-parts/header.php:31 CONTEXT: {"error":{"type":1,"file":"/var/www/html/wp-content/themes/themes/recruiternext/template-parts/header.php","line":31},"remote-logging":true,"backtrace":["","#0 /var/www/html/wp-content/themes/themes/recruiternext/wp-job-manager/job-filters.php(5): include()","#1 /var/www/html/wp-content/plugins/wp-job-manager/wp-job-manager-template.php(27): include('/var/www/html/w...')","#2 /var/www/html/wp-content/plugins/wp-job-manager/includes/class-wp-job-manager-shortcodes.php(303): get_job_manager_template('job-filters.php', Array)","#3 /var/www/html/wp-includes/shortcodes.php(434): WP_Job_Manager_Shortcodes->output_jobs(Array, '', 'jobs')","#4 [internal function]: do_shortcode_tag(Array)","#5 /var/www/html/wp-includes/shortcodes.php(273): preg_replace_callback('/\\[(\\[?)(jobs)(...', 'do_shortcode_ta...', '[jobs]')","#6 /var/www/html/wp-content/plugins/elementor/includes/widgets/shortcode.php(141): do_shortcode('[jobs]')","#7 /var/www/html/wp-content/plugins/elementor/includes/base/controls-stack.php(2374): Elementor\Widget_Shortcode->render"]}
2026-03-14T07:11:37+00:00 CRITICAL Uncaught RuntimeException: Unable to claim actions. Database error: <div style="clear:both">&nbsp;</div>
<div class="queries" style="clear:both;margin-bottom:2px;border:red dotted thin;">
<p>MySQL query:</p>
<p>UPDATE wp_actionscheduler_actions t1 JOIN ( SELECT action_id from wp_actionscheduler_actions WHERE claim_id = 0 AND scheduled_date_gmt <= '2026-03-14 07:11:37' AND status='pending' ORDER BY priority ASC, attempts ASC, scheduled_date_gmt ASC, action_id ASC LIMIT 25 FOR UPDATE ) t2 ON t1.action_id = t2.action_id SET claim_id=691, last_attempt_gmt='2026-03-14 07:11:37', last_attempt_local='2026-03-14 07:11:37'</p>
<p>Queries made or created this session were:</p>
<ol>
<li>Executing: BEGIN | (no parameters)</li>
<li>Executing: UPDATE wp_actionscheduler_actions t1 JOIN ( SELECT action_id from wp_actionscheduler_actions WHERE claim_id = 0 AND scheduled_date_gmt &lt;= :param0  AND status=:param1  ORDER BY priority ASC, attempts ASC, scheduled_date_gmt ASC, action_id ASC LIMIT 25 FOR UPDATE ) t2 ON t1.action_i CONTEXT: {"error":{"type":1,"file":"/var/www/html/wp-content/plugins/woocommerce/packages/action-scheduler/classes/data-stores/ActionScheduler_DBStore.php","line":1019},"remote-logging":true,"backtrace":[{"file":"/var/www/html/wp-content/plugins/woocommerce/includes/class-woocommerce.php","line":460,"function":"critical","class":"WC_Logger","type":"->"},{"function":"log_errors","class":"WooCommerce","type":"->"}]}
2026-03-14T07:11:43+00:00 CRITICAL Uncaught Error: Class 'RN_Nav_Walker' not found in /var/www/html/wp-content/themes/themes/recruiternext/template-parts/header.php:31 CONTEXT: {"error":{"type":1,"file":"/var/www/html/wp-content/themes/themes/recruiternext/template-parts/header.php","line":31},"remote-logging":true,"backtrace":["","#0 /var/www/html/wp-content/themes/themes/recruiternext/wp-job-manager/job-filters.php(5): include()","#1 /var/www/html/wp-content/plugins/wp-job-manager/wp-job-manager-template.php(27): include('/var/www/html/w...')","#2 /var/www/html/wp-content/plugins/wp-job-manager/includes/class-wp-job-manager-shortcodes.php(303): get_job_manager_template('job-filters.php', Array)","#3 /var/www/html/wp-includes/shortcodes.php(434): WP_Job_Manager_Shortcodes->output_jobs(Array, '', 'jobs')","#4 [internal function]: do_shortcode_tag(Array)","#5 /var/www/html/wp-includes/shortcodes.php(273): preg_replace_callback('/\\[(\\[?)(jobs)(...', 'do_shortcode_ta...', '[jobs]')","#6 /var/www/html/wp-content/plugins/elementor/includes/widgets/shortcode.php(141): do_shortcode('[jobs]')","#7 /var/www/html/wp-content/plugins/elementor/includes/base/controls-stack.php(2374): Elementor\Widget_Shortcode->render"]}
2026-03-14T07:12:07+00:00 CRITICAL Uncaught Error: Class 'RN_Nav_Walker' not found in /var/www/html/wp-content/themes/themes/recruiternext/template-parts/header.php:31 CONTEXT: {"error":{"type":1,"file":"/var/www/html/wp-content/themes/themes/recruiternext/template-parts/header.php","line":31},"remote-logging":true,"backtrace":["","#0 /var/www/html/wp-content/themes/themes/recruiternext/wp-job-manager/job-filters.php(5): include()","#1 /var/www/html/wp-content/plugins/wp-job-manager/wp-job-manager-template.php(27): include('/var/www/html/w...')","#2 /var/www/html/wp-content/plugins/wp-job-manager/includes/class-wp-job-manager-shortcodes.php(303): get_job_manager_template('job-filters.php', Array)","#3 /var/www/html/wp-includes/shortcodes.php(434): WP_Job_Manager_Shortcodes->output_jobs(Array, '', 'jobs')","#4 [internal function]: do_shortcode_tag(Array)","#5 /var/www/html/wp-includes/shortcodes.php(273): preg_replace_callback('/\\[(\\[?)(jobs)(...', 'do_shortcode_ta...', '[jobs]')","#6 /var/www/html/wp-content/plugins/elementor/includes/widgets/shortcode.php(141): do_shortcode('[jobs]')","#7 /var/www/html/wp-content/plugins/elementor/includes/base/controls-stack.php(2374): Elementor\Widget_Shortcode->render"]}
2026-03-14T07:12:24+00:00 CRITICAL Uncaught Error: Class 'RN_Nav_Walker' not found in /var/www/html/wp-content/themes/themes/recruiternext/template-parts/header.php:31 CONTEXT: {"error":{"type":1,"file":"/var/www/html/wp-content/themes/themes/recruiternext/template-parts/header.php","line":31},"remote-logging":true,"backtrace":["","#0 /var/www/html/wp-content/themes/themes/recruiternext/wp-job-manager/job-filters.php(5): include()","#1 /var/www/html/wp-content/plugins/wp-job-manager/wp-job-manager-template.php(27): include('/var/www/html/w...')","#2 /var/www/html/wp-content/plugins/wp-job-manager/includes/class-wp-job-manager-shortcodes.php(303): get_job_manager_template('job-filters.php', Array)","#3 /var/www/html/wp-includes/shortcodes.php(434): WP_Job_Manager_Shortcodes->output_jobs(Array, '', 'jobs')","#4 [internal function]: do_shortcode_tag(Array)","#5 /var/www/html/wp-includes/shortcodes.php(273): preg_replace_callback('/\\[(\\[?)(jobs)(...', 'do_shortcode_ta...', '[jobs]')","#6 /var/www/html/wp-content/plugins/elementor/includes/widgets/shortcode.php(141): do_shortcode('[jobs]')","#7 /var/www/html/wp-content/plugins/elementor/includes/base/controls-stack.php(2374): Elementor\Widget_Shortcode->render"]}
2026-03-14T07:12:44+00:00 CRITICAL Uncaught Error: Class 'RN_Nav_Walker' not found in /var/www/html/wp-content/themes/themes/recruiternext/template-parts/header.php:31 CONTEXT: {"error":{"type":1,"file":"/var/www/html/wp-content/themes/themes/recruiternext/template-parts/header.php","line":31},"remote-logging":true,"backtrace":["","#0 /var/www/html/wp-content/themes/themes/recruiternext/wp-job-manager/job-filters.php(5): include()","#1 /var/www/html/wp-content/plugins/wp-job-manager/wp-job-manager-template.php(27): include('/var/www/html/w...')","#2 /var/www/html/wp-content/plugins/wp-job-manager/includes/class-wp-job-manager-shortcodes.php(303): get_job_manager_template('job-filters.php', Array)","#3 /var/www/html/wp-includes/shortcodes.php(434): WP_Job_Manager_Shortcodes->output_jobs(Array, '', 'jobs')","#4 [internal function]: do_shortcode_tag(Array)","#5 /var/www/html/wp-includes/shortcodes.php(273): preg_replace_callback('/\\[(\\[?)(jobs)(...', 'do_shortcode_ta...', '[jobs]')","#6 /var/www/html/wp-content/plugins/elementor/includes/widgets/shortcode.php(141): do_shortcode('[jobs]')","#7 /var/www/html/wp-content/plugins/elementor/includes/base/controls-stack.php(2374): Elementor\Widget_Shortcode->render"]}
2026-03-14T07:12:44+00:00 CRITICAL Uncaught RuntimeException: Unable to claim actions. Database error: <div style="clear:both">&nbsp;</div>
<div class="queries" style="clear:both;margin-bottom:2px;border:red dotted thin;">
<p>MySQL query:</p>
<p>UPDATE wp_actionscheduler_actions t1 JOIN ( SELECT action_id from wp_actionscheduler_actions WHERE claim_id = 0 AND scheduled_date_gmt <= '2026-03-14 07:12:44' AND status='pending' ORDER BY priority ASC, attempts ASC, scheduled_date_gmt ASC, action_id ASC LIMIT 25 FOR UPDATE ) t2 ON t1.action_id = t2.action_id SET claim_id=692, last_attempt_gmt='2026-03-14 07:12:44', last_attempt_local='2026-03-14 07:12:44'</p>
<p>Queries made or created this session were:</p>
<ol>
<li>Executing: BEGIN | (no parameters)</li>
<li>Executing: UPDATE wp_actionscheduler_actions t1 JOIN ( SELECT action_id from wp_actionscheduler_actions WHERE claim_id = 0 AND scheduled_date_gmt &lt;= :param0  AND status=:param1  ORDER BY priority ASC, attempts ASC, scheduled_date_gmt ASC, action_id ASC LIMIT 25 FOR UPDATE ) t2 ON t1.action_i CONTEXT: {"error":{"type":1,"file":"/var/www/html/wp-content/plugins/woocommerce/packages/action-scheduler/classes/data-stores/ActionScheduler_DBStore.php","line":1019},"remote-logging":true,"backtrace":[{"file":"/var/www/html/wp-content/plugins/woocommerce/includes/class-woocommerce.php","line":460,"function":"critical","class":"WC_Logger","type":"->"},{"function":"log_errors","class":"WooCommerce","type":"->"}]}
2026-03-14T07:12:54+00:00 CRITICAL Uncaught Error: Class 'RN_Nav_Walker' not found in /var/www/html/wp-content/themes/themes/recruiternext/template-parts/header.php:31 CONTEXT: {"error":{"type":1,"file":"/var/www/html/wp-content/themes/themes/recruiternext/template-parts/header.php","line":31},"remote-logging":true,"backtrace":["","#0 /var/www/html/wp-content/themes/themes/recruiternext/wp-job-manager/job-filters.php(5): include()","#1 /var/www/html/wp-content/plugins/wp-job-manager/wp-job-manager-template.php(27): include('/var/www/html/w...')","#2 /var/www/html/wp-content/plugins/wp-job-manager/includes/class-wp-job-manager-shortcodes.php(303): get_job_manager_template('job-filters.php', Array)","#3 /var/www/html/wp-includes/shortcodes.php(434): WP_Job_Manager_Shortcodes->output_jobs(Array, '', 'jobs')","#4 [internal function]: do_shortcode_tag(Array)","#5 /var/www/html/wp-includes/shortcodes.php(273): preg_replace_callback('/\\[(\\[?)(jobs)(...', 'do_shortcode_ta...', '[jobs]')","#6 /var/www/html/wp-content/plugins/elementor/includes/widgets/shortcode.php(141): do_shortcode('[jobs]')","#7 /var/www/html/wp-content/plugins/elementor/includes/base/controls-stack.php(2374): Elementor\Widget_Shortcode->render"]}
2026-03-14T07:13:16+00:00 CRITICAL require(): Failed opening required '/var/www/html/wp-content/themes/themes/recruiternext/template-parts/dynamic-header.php' (include_path='.:') CONTEXT: {"error":{"type":64,"file":"/var/www/html/wp-includes/template.php","line":816},"remote-logging":true,"backtrace":[{"file":"/var/www/html/wp-content/plugins/woocommerce/includes/class-woocommerce.php","line":460,"function":"critical","class":"WC_Logger","type":"->"},{"function":"log_errors","class":"WooCommerce","type":"->"}]}
2026-03-14T07:13:34+00:00 CRITICAL Uncaught RuntimeException: Unable to claim actions. Database error: <div style="clear:both">&nbsp;</div>
<div class="queries" style="clear:both;margin-bottom:2px;border:red dotted thin;">
<p>MySQL query:</p>
<p>UPDATE wp_actionscheduler_actions t1 JOIN ( SELECT action_id from wp_actionscheduler_actions WHERE claim_id = 0 AND scheduled_date_gmt <= '2026-03-14 07:13:34' AND status='pending' ORDER BY priority ASC, attempts ASC, scheduled_date_gmt ASC, action_id ASC LIMIT 25 FOR UPDATE ) t2 ON t1.action_id = t2.action_id SET claim_id=693, last_attempt_gmt='2026-03-14 07:13:34', last_attempt_local='2026-03-14 07:13:34'</p>
<p>Queries made or created this session were:</p>
<ol>
<li>Executing: BEGIN | (no parameters)</li>
<li>Executing: UPDATE wp_actionscheduler_actions t1 JOIN ( SELECT action_id from wp_actionscheduler_actions WHERE claim_id = 0 AND scheduled_date_gmt &lt;= :param0  AND status=:param1  ORDER BY priority ASC, attempts ASC, scheduled_date_gmt ASC, action_id ASC LIMIT 25 FOR UPDATE ) t2 ON t1.action_i CONTEXT: {"error":{"type":1,"file":"/var/www/html/wp-content/plugins/woocommerce/packages/action-scheduler/classes/data-stores/ActionScheduler_DBStore.php","line":1019},"remote-logging":true,"backtrace":[{"file":"/var/www/html/wp-content/plugins/woocommerce/includes/class-woocommerce.php","line":460,"function":"critical","class":"WC_Logger","type":"->"},{"function":"log_errors","class":"WooCommerce","type":"->"}]}
2026-03-14T07:13:46+00:00 CRITICAL Uncaught RuntimeException: Unable to claim actions. Database error: <div style="clear:both">&nbsp;</div>
<div class="queries" style="clear:both;margin-bottom:2px;border:red dotted thin;">
<p>MySQL query:</p>
<p>UPDATE wp_actionscheduler_actions t1 JOIN ( SELECT action_id from wp_actionscheduler_actions WHERE claim_id = 0 AND scheduled_date_gmt <= '2026-03-14 07:13:46' AND status='pending' ORDER BY priority ASC, attempts ASC, scheduled_date_gmt ASC, action_id ASC LIMIT 25 FOR UPDATE ) t2 ON t1.action_id = t2.action_id SET claim_id=694, last_attempt_gmt='2026-03-14 07:13:46', last_attempt_local='2026-03-14 07:13:46'</p>
<p>Queries made or created this session were:</p>
<ol>
<li>Executing: BEGIN | (no parameters)</li>
<li>Executing: UPDATE wp_actionscheduler_actions t1 JOIN ( SELECT action_id from wp_actionscheduler_actions WHERE claim_id = 0 AND scheduled_date_gmt &lt;= :param0  AND status=:param1  ORDER BY priority ASC, attempts ASC, scheduled_date_gmt ASC, action_id ASC LIMIT 25 FOR UPDATE ) t2 ON t1.action_i CONTEXT: {"error":{"type":1,"file":"/var/www/html/wp-content/plugins/woocommerce/packages/action-scheduler/classes/data-stores/ActionScheduler_DBStore.php","line":1019},"remote-logging":true,"backtrace":[{"file":"/var/www/html/wp-content/plugins/woocommerce/includes/class-woocommerce.php","line":460,"function":"critical","class":"WC_Logger","type":"->"},{"function":"log_errors","class":"WooCommerce","type":"->"}]}
2026-03-14T07:14:46+00:00 CRITICAL Out of memory (allocated 6291456) (tried to allocate 8388608 bytes) CONTEXT: {"error":{"type":1,"file":"/var/www/html/wp-admin/includes/update.php","line":564},"remote-logging":true,"backtrace":[{"file":"/var/www/html/wp-content/plugins/woocommerce/includes/class-woocommerce.php","line":460,"function":"critical","class":"WC_Logger","type":"->"},{"function":"log_errors","class":"WooCommerce","type":"->"}]}
2026-03-14T07:14:47+00:00 CRITICAL Out of memory (allocated 4194304) (tried to allocate 4194304 bytes) CONTEXT: {"error":{"type":1,"file":"/var/www/html/wp-content/plugins/woocommerce/src/Internal/Admin/Settings/PaymentsProviders/WooPayments/WooPaymentsService.php","line":724},"remote-logging":true,"backtrace":[{"file":"/var/www/html/wp-content/plugins/woocommerce/includes/class-woocommerce.php","line":460,"function":"critical","class":"WC_Logger","type":"->"},{"function":"log_errors","class":"WooCommerce","type":"->"}]}
2026-03-14T07:15:49+00:00 CRITICAL Uncaught RuntimeException: Unable to claim actions. Database error: <div style="clear:both">&nbsp;</div>
<div class="queries" style="clear:both;margin-bottom:2px;border:red dotted thin;">
<p>MySQL query:</p>
<p>UPDATE wp_actionscheduler_actions t1 JOIN ( SELECT action_id from wp_actionscheduler_actions WHERE claim_id = 0 AND scheduled_date_gmt <= '2026-03-14 07:15:49' AND status='pending' ORDER BY priority ASC, attempts ASC, scheduled_date_gmt ASC, action_id ASC LIMIT 25 FOR UPDATE ) t2 ON t1.action_id = t2.action_id SET claim_id=695, last_attempt_gmt='2026-03-14 07:15:49', last_attempt_local='2026-03-14 07:15:49'</p>
<p>Queries made or created this session were:</p>
<ol>
<li>Executing: BEGIN | (no parameters)</li>
<li>Executing: UPDATE wp_actionscheduler_actions t1 JOIN ( SELECT action_id from wp_actionscheduler_actions WHERE claim_id = 0 AND scheduled_date_gmt &lt;= :param0  AND status=:param1  ORDER BY priority ASC, attempts ASC, scheduled_date_gmt ASC, action_id ASC LIMIT 25 FOR UPDATE ) t2 ON t1.action_i CONTEXT: {"error":{"type":1,"file":"/var/www/html/wp-content/plugins/woocommerce/packages/action-scheduler/classes/data-stores/ActionScheduler_DBStore.php","line":1019},"remote-logging":true,"backtrace":[{"file":"/var/www/html/wp-content/plugins/woocommerce/includes/class-woocommerce.php","line":460,"function":"critical","class":"WC_Logger","type":"->"},{"function":"log_errors","class":"WooCommerce","type":"->"}]}
2026-03-14T07:16:46+00:00 CRITICAL Uncaught RuntimeException: Unable to claim actions. Database error: <div style="clear:both">&nbsp;</div>
<div class="queries" style="clear:both;margin-bottom:2px;border:red dotted thin;">
<p>MySQL query:</p>
<p>UPDATE wp_actionscheduler_actions t1 JOIN ( SELECT action_id from wp_actionscheduler_actions WHERE claim_id = 0 AND scheduled_date_gmt <= '2026-03-14 07:16:46' AND status='pending' ORDER BY priority ASC, attempts ASC, scheduled_date_gmt ASC, action_id ASC LIMIT 25 FOR UPDATE ) t2 ON t1.action_id = t2.action_id SET claim_id=696, last_attempt_gmt='2026-03-14 07:16:46', last_attempt_local='2026-03-14 07:16:46'</p>
<p>Queries made or created this session were:</p>
<ol>
<li>Executing: BEGIN | (no parameters)</li>
<li>Executing: UPDATE wp_actionscheduler_actions t1 JOIN ( SELECT action_id from wp_actionscheduler_actions WHERE claim_id = 0 AND scheduled_date_gmt &lt;= :param0  AND status=:param1  ORDER BY priority ASC, attempts ASC, scheduled_date_gmt ASC, action_id ASC LIMIT 25 FOR UPDATE ) t2 ON t1.action_i CONTEXT: {"error":{"type":1,"file":"/var/www/html/wp-content/plugins/woocommerce/packages/action-scheduler/classes/data-stores/ActionScheduler_DBStore.php","line":1019},"remote-logging":true,"backtrace":[{"file":"/var/www/html/wp-content/plugins/woocommerce/includes/class-woocommerce.php","line":460,"function":"critical","class":"WC_Logger","type":"->"},{"function":"log_errors","class":"WooCommerce","type":"->"}]}
2026-03-14T07:18:46+00:00 CRITICAL Uncaught RuntimeException: Unable to claim actions. Database error: <div style="clear:both">&nbsp;</div>
<div class="queries" style="clear:both;margin-bottom:2px;border:red dotted thin;">
<p>MySQL query:</p>
<p>UPDATE wp_actionscheduler_actions t1 JOIN ( SELECT action_id from wp_actionscheduler_actions WHERE claim_id = 0 AND scheduled_date_gmt <= '2026-03-14 07:18:46' AND status='pending' ORDER BY priority ASC, attempts ASC, scheduled_date_gmt ASC, action_id ASC LIMIT 25 FOR UPDATE ) t2 ON t1.action_id = t2.action_id SET claim_id=697, last_attempt_gmt='2026-03-14 07:18:46', last_attempt_local='2026-03-14 07:18:46'</p>
<p>Queries made or created this session were:</p>
<ol>
<li>Executing: BEGIN | (no parameters)</li>
<li>Executing: UPDATE wp_actionscheduler_actions t1 JOIN ( SELECT action_id from wp_actionscheduler_actions WHERE claim_id = 0 AND scheduled_date_gmt &lt;= :param0  AND status=:param1  ORDER BY priority ASC, attempts ASC, scheduled_date_gmt ASC, action_id ASC LIMIT 25 FOR UPDATE ) t2 ON t1.action_i CONTEXT: {"error":{"type":1,"file":"/var/www/html/wp-content/plugins/woocommerce/packages/action-scheduler/classes/data-stores/ActionScheduler_DBStore.php","line":1019},"remote-logging":true,"backtrace":[{"file":"/var/www/html/wp-content/plugins/woocommerce/includes/class-woocommerce.php","line":460,"function":"critical","class":"WC_Logger","type":"->"},{"function":"log_errors","class":"WooCommerce","type":"->"}]}
2026-03-14T07:18:47+00:00 CRITICAL Uncaught RuntimeException: Unable to claim actions. Database error: <div style="clear:both">&nbsp;</div>
<div class="queries" style="clear:both;margin-bottom:2px;border:red dotted thin;">
<p>MySQL query:</p>
<p>UPDATE wp_actionscheduler_actions t1 JOIN ( SELECT action_id from wp_actionscheduler_actions WHERE claim_id = 0 AND scheduled_date_gmt <= '2026-03-14 07:18:47' AND status='pending' ORDER BY priority ASC, attempts ASC, scheduled_date_gmt ASC, action_id ASC LIMIT 25 FOR UPDATE ) t2 ON t1.action_id = t2.action_id SET claim_id=698, last_attempt_gmt='2026-03-14 07:18:47', last_attempt_local='2026-03-14 07:18:47'</p>
<p>Queries made or created this session were:</p>
<ol>
<li>Executing: BEGIN | (no parameters)</li>
<li>Executing: UPDATE wp_actionscheduler_actions t1 JOIN ( SELECT action_id from wp_actionscheduler_actions WHERE claim_id = 0 AND scheduled_date_gmt &lt;= :param0  AND status=:param1  ORDER BY priority ASC, attempts ASC, scheduled_date_gmt ASC, action_id ASC LIMIT 25 FOR UPDATE ) t2 ON t1.action_i CONTEXT: {"error":{"type":1,"file":"/var/www/html/wp-content/plugins/woocommerce/packages/action-scheduler/classes/data-stores/ActionScheduler_DBStore.php","line":1019},"remote-logging":true,"backtrace":[{"file":"/var/www/html/wp-content/plugins/woocommerce/includes/class-woocommerce.php","line":460,"function":"critical","class":"WC_Logger","type":"->"},{"function":"log_errors","class":"WooCommerce","type":"->"}]}
2026-03-14T07:20:02+00:00 CRITICAL Uncaught RuntimeException: Unable to claim actions. Database error: <div style="clear:both">&nbsp;</div>
<div class="queries" style="clear:both;margin-bottom:2px;border:red dotted thin;">
<p>MySQL query:</p>
<p>UPDATE wp_actionscheduler_actions t1 JOIN ( SELECT action_id from wp_actionscheduler_actions WHERE claim_id = 0 AND scheduled_date_gmt <= '2026-03-14 07:20:02' AND status='pending' ORDER BY priority ASC, attempts ASC, scheduled_date_gmt ASC, action_id ASC LIMIT 25 FOR UPDATE ) t2 ON t1.action_id = t2.action_id SET claim_id=699, last_attempt_gmt='2026-03-14 07:20:02', last_attempt_local='2026-03-14 07:20:02'</p>
<p>Queries made or created this session were:</p>
<ol>
<li>Executing: BEGIN | (no parameters)</li>
<li>Executing: UPDATE wp_actionscheduler_actions t1 JOIN ( SELECT action_id from wp_actionscheduler_actions WHERE claim_id = 0 AND scheduled_date_gmt &lt;= :param0  AND status=:param1  ORDER BY priority ASC, attempts ASC, scheduled_date_gmt ASC, action_id ASC LIMIT 25 FOR UPDATE ) t2 ON t1.action_i CONTEXT: {"error":{"type":1,"file":"/var/www/html/wp-content/plugins/woocommerce/packages/action-scheduler/classes/data-stores/ActionScheduler_DBStore.php","line":1019},"remote-logging":true,"backtrace":[{"file":"/var/www/html/wp-content/plugins/woocommerce/includes/class-woocommerce.php","line":460,"function":"critical","class":"WC_Logger","type":"->"},{"function":"log_errors","class":"WooCommerce","type":"->"}]}
2026-03-14T07:20:04+00:00 CRITICAL Uncaught RuntimeException: Unable to claim actions. Database error: <div style="clear:both">&nbsp;</div>
<div class="queries" style="clear:both;margin-bottom:2px;border:red dotted thin;">
<p>MySQL query:</p>
<p>UPDATE wp_actionscheduler_actions t1 JOIN ( SELECT action_id from wp_actionscheduler_actions WHERE claim_id = 0 AND scheduled_date_gmt <= '2026-03-14 07:20:04' AND status='pending' ORDER BY priority ASC, attempts ASC, scheduled_date_gmt ASC, action_id ASC LIMIT 25 FOR UPDATE ) t2 ON t1.action_id = t2.action_id SET claim_id=700, last_attempt_gmt='2026-03-14 07:20:04', last_attempt_local='2026-03-14 07:20:04'</p>
<p>Queries made or created this session were:</p>
<ol>
<li>Executing: BEGIN | (no parameters)</li>
<li>Executing: UPDATE wp_actionscheduler_actions t1 JOIN ( SELECT action_id from wp_actionscheduler_actions WHERE claim_id = 0 AND scheduled_date_gmt &lt;= :param0  AND status=:param1  ORDER BY priority ASC, attempts ASC, scheduled_date_gmt ASC, action_id ASC LIMIT 25 FOR UPDATE ) t2 ON t1.action_i CONTEXT: {"error":{"type":1,"file":"/var/www/html/wp-content/plugins/woocommerce/packages/action-scheduler/classes/data-stores/ActionScheduler_DBStore.php","line":1019},"remote-logging":true,"backtrace":[{"file":"/var/www/html/wp-content/plugins/woocommerce/includes/class-woocommerce.php","line":460,"function":"critical","class":"WC_Logger","type":"->"},{"function":"log_errors","class":"WooCommerce","type":"->"}]}
2026-03-14T07:21:27+00:00 CRITICAL Uncaught RuntimeException: Unable to claim actions. Database error: <div style="clear:both">&nbsp;</div>
<div class="queries" style="clear:both;margin-bottom:2px;border:red dotted thin;">
<p>MySQL query:</p>
<p>UPDATE wp_actionscheduler_actions t1 JOIN ( SELECT action_id from wp_actionscheduler_actions WHERE claim_id = 0 AND scheduled_date_gmt <= '2026-03-14 07:21:27' AND status='pending' ORDER BY priority ASC, attempts ASC, scheduled_date_gmt ASC, action_id ASC LIMIT 25 FOR UPDATE ) t2 ON t1.action_id = t2.action_id SET claim_id=701, last_attempt_gmt='2026-03-14 07:21:27', last_attempt_local='2026-03-14 07:21:27'</p>
<p>Queries made or created this session were:</p>
<ol>
<li>Executing: BEGIN | (no parameters)</li>
<li>Executing: UPDATE wp_actionscheduler_actions t1 JOIN ( SELECT action_id from wp_actionscheduler_actions WHERE claim_id = 0 AND scheduled_date_gmt &lt;= :param0  AND status=:param1  ORDER BY priority ASC, attempts ASC, scheduled_date_gmt ASC, action_id ASC LIMIT 25 FOR UPDATE ) t2 ON t1.action_i CONTEXT: {"error":{"type":1,"file":"/var/www/html/wp-content/plugins/woocommerce/packages/action-scheduler/classes/data-stores/ActionScheduler_DBStore.php","line":1019},"remote-logging":true,"backtrace":[{"file":"/var/www/html/wp-content/plugins/woocommerce/includes/class-woocommerce.php","line":460,"function":"critical","class":"WC_Logger","type":"->"},{"function":"log_errors","class":"WooCommerce","type":"->"}]}
2026-03-14T07:21:28+00:00 CRITICAL Uncaught RuntimeException: Unable to claim actions. Database error: <div style="clear:both">&nbsp;</div>
<div class="queries" style="clear:both;margin-bottom:2px;border:red dotted thin;">
<p>MySQL query:</p>
<p>UPDATE wp_actionscheduler_actions t1 JOIN ( SELECT action_id from wp_actionscheduler_actions WHERE claim_id = 0 AND scheduled_date_gmt <= '2026-03-14 07:21:28' AND status='pending' ORDER BY priority ASC, attempts ASC, scheduled_date_gmt ASC, action_id ASC LIMIT 25 FOR UPDATE ) t2 ON t1.action_id = t2.action_id SET claim_id=702, last_attempt_gmt='2026-03-14 07:21:28', last_attempt_local='2026-03-14 07:21:28'</p>
<p>Queries made or created this session were:</p>
<ol>
<li>Executing: BEGIN | (no parameters)</li>
<li>Executing: UPDATE wp_actionscheduler_actions t1 JOIN ( SELECT action_id from wp_actionscheduler_actions WHERE claim_id = 0 AND scheduled_date_gmt &lt;= :param0  AND status=:param1  ORDER BY priority ASC, attempts ASC, scheduled_date_gmt ASC, action_id ASC LIMIT 25 FOR UPDATE ) t2 ON t1.action_i CONTEXT: {"error":{"type":1,"file":"/var/www/html/wp-content/plugins/woocommerce/packages/action-scheduler/classes/data-stores/ActionScheduler_DBStore.php","line":1019},"remote-logging":true,"backtrace":[{"file":"/var/www/html/wp-content/plugins/woocommerce/includes/class-woocommerce.php","line":460,"function":"critical","class":"WC_Logger","type":"->"},{"function":"log_errors","class":"WooCommerce","type":"->"}]}
2026-03-14T07:22:42+00:00 CRITICAL Uncaught RuntimeException: Unable to claim actions. Database error: <div style="clear:both">&nbsp;</div>
<div class="queries" style="clear:both;margin-bottom:2px;border:red dotted thin;">
<p>MySQL query:</p>
<p>UPDATE wp_actionscheduler_actions t1 JOIN ( SELECT action_id from wp_actionscheduler_actions WHERE claim_id = 0 AND scheduled_date_gmt <= '2026-03-14 07:22:42' AND status='pending' ORDER BY priority ASC, attempts ASC, scheduled_date_gmt ASC, action_id ASC LIMIT 25 FOR UPDATE ) t2 ON t1.action_id = t2.action_id SET claim_id=703, last_attempt_gmt='2026-03-14 07:22:42', last_attempt_local='2026-03-14 07:22:42'</p>
<p>Queries made or created this session were:</p>
<ol>
<li>Executing: BEGIN | (no parameters)</li>
<li>Executing: UPDATE wp_actionscheduler_actions t1 JOIN ( SELECT action_id from wp_actionscheduler_actions WHERE claim_id = 0 AND scheduled_date_gmt &lt;= :param0  AND status=:param1  ORDER BY priority ASC, attempts ASC, scheduled_date_gmt ASC, action_id ASC LIMIT 25 FOR UPDATE ) t2 ON t1.action_i CONTEXT: {"error":{"type":1,"file":"/var/www/html/wp-content/plugins/woocommerce/packages/action-scheduler/classes/data-stores/ActionScheduler_DBStore.php","line":1019},"remote-logging":true,"backtrace":[{"file":"/var/www/html/wp-content/plugins/woocommerce/includes/class-woocommerce.php","line":460,"function":"critical","class":"WC_Logger","type":"->"},{"function":"log_errors","class":"WooCommerce","type":"->"}]}
2026-03-14T07:22:44+00:00 CRITICAL Uncaught RuntimeException: Unable to claim actions. Database error: <div style="clear:both">&nbsp;</div>
<div class="queries" style="clear:both;margin-bottom:2px;border:red dotted thin;">
<p>MySQL query:</p>
<p>UPDATE wp_actionscheduler_actions t1 JOIN ( SELECT action_id from wp_actionscheduler_actions WHERE claim_id = 0 AND scheduled_date_gmt <= '2026-03-14 07:22:44' AND status='pending' ORDER BY priority ASC, attempts ASC, scheduled_date_gmt ASC, action_id ASC LIMIT 25 FOR UPDATE ) t2 ON t1.action_id = t2.action_id SET claim_id=704, last_attempt_gmt='2026-03-14 07:22:44', last_attempt_local='2026-03-14 07:22:44'</p>
<p>Queries made or created this session were:</p>
<ol>
<li>Executing: BEGIN | (no parameters)</li>
<li>Executing: UPDATE wp_actionscheduler_actions t1 JOIN ( SELECT action_id from wp_actionscheduler_actions WHERE claim_id = 0 AND scheduled_date_gmt &lt;= :param0  AND status=:param1  ORDER BY priority ASC, attempts ASC, scheduled_date_gmt ASC, action_id ASC LIMIT 25 FOR UPDATE ) t2 ON t1.action_i CONTEXT: {"error":{"type":1,"file":"/var/www/html/wp-content/plugins/woocommerce/packages/action-scheduler/classes/data-stores/ActionScheduler_DBStore.php","line":1019},"remote-logging":true,"backtrace":[{"file":"/var/www/html/wp-content/plugins/woocommerce/includes/class-woocommerce.php","line":460,"function":"critical","class":"WC_Logger","type":"->"},{"function":"log_errors","class":"WooCommerce","type":"->"}]}
2026-03-14T07:24:09+00:00 CRITICAL Uncaught RuntimeException: Unable to claim actions. Database error: <div style="clear:both">&nbsp;</div>
<div class="queries" style="clear:both;margin-bottom:2px;border:red dotted thin;">
<p>MySQL query:</p>
<p>UPDATE wp_actionscheduler_actions t1 JOIN ( SELECT action_id from wp_actionscheduler_actions WHERE claim_id = 0 AND scheduled_date_gmt <= '2026-03-14 07:24:09' AND status='pending' ORDER BY priority ASC, attempts ASC, scheduled_date_gmt ASC, action_id ASC LIMIT 25 FOR UPDATE ) t2 ON t1.action_id = t2.action_id SET claim_id=705, last_attempt_gmt='2026-03-14 07:24:09', last_attempt_local='2026-03-14 07:24:09'</p>
<p>Queries made or created this session were:</p>
<ol>
<li>Executing: BEGIN | (no parameters)</li>
<li>Executing: UPDATE wp_actionscheduler_actions t1 JOIN ( SELECT action_id from wp_actionscheduler_actions WHERE claim_id = 0 AND scheduled_date_gmt &lt;= :param0  AND status=:param1  ORDER BY priority ASC, attempts ASC, scheduled_date_gmt ASC, action_id ASC LIMIT 25 FOR UPDATE ) t2 ON t1.action_i CONTEXT: {"error":{"type":1,"file":"/var/www/html/wp-content/plugins/woocommerce/packages/action-scheduler/classes/data-stores/ActionScheduler_DBStore.php","line":1019},"remote-logging":true,"backtrace":[{"file":"/var/www/html/wp-content/plugins/woocommerce/includes/class-woocommerce.php","line":460,"function":"critical","class":"WC_Logger","type":"->"},{"function":"log_errors","class":"WooCommerce","type":"->"}]}
2026-03-14T07:25:08+00:00 CRITICAL Uncaught RuntimeException: Unable to claim actions. Database error: <div style="clear:both">&nbsp;</div>
<div class="queries" style="clear:both;margin-bottom:2px;border:red dotted thin;">
<p>MySQL query:</p>
<p>UPDATE wp_actionscheduler_actions t1 JOIN ( SELECT action_id from wp_actionscheduler_actions WHERE claim_id = 0 AND scheduled_date_gmt <= '2026-03-14 07:25:08' AND status='pending' ORDER BY priority ASC, attempts ASC, scheduled_date_gmt ASC, action_id ASC LIMIT 25 FOR UPDATE ) t2 ON t1.action_id = t2.action_id SET claim_id=706, last_attempt_gmt='2026-03-14 07:25:08', last_attempt_local='2026-03-14 07:25:08'</p>
<p>Queries made or created this session were:</p>
<ol>
<li>Executing: BEGIN | (no parameters)</li>
<li>Executing: UPDATE wp_actionscheduler_actions t1 JOIN ( SELECT action_id from wp_actionscheduler_actions WHERE claim_id = 0 AND scheduled_date_gmt &lt;= :param0  AND status=:param1  ORDER BY priority ASC, attempts ASC, scheduled_date_gmt ASC, action_id ASC LIMIT 25 FOR UPDATE ) t2 ON t1.action_i CONTEXT: {"error":{"type":1,"file":"/var/www/html/wp-content/plugins/woocommerce/packages/action-scheduler/classes/data-stores/ActionScheduler_DBStore.php","line":1019},"remote-logging":true,"backtrace":[{"file":"/var/www/html/wp-content/plugins/woocommerce/includes/class-woocommerce.php","line":460,"function":"critical","class":"WC_Logger","type":"->"},{"function":"log_errors","class":"WooCommerce","type":"->"}]}
2026-03-14T07:25:22+00:00 CRITICAL Uncaught RuntimeException: Unable to claim actions. Database error: <div style="clear:both">&nbsp;</div>
<div class="queries" style="clear:both;margin-bottom:2px;border:red dotted thin;">
<p>MySQL query:</p>
<p>UPDATE wp_actionscheduler_actions t1 JOIN ( SELECT action_id from wp_actionscheduler_actions WHERE claim_id = 0 AND scheduled_date_gmt <= '2026-03-14 07:25:22' AND status='pending' ORDER BY priority ASC, attempts ASC, scheduled_date_gmt ASC, action_id ASC LIMIT 25 FOR UPDATE ) t2 ON t1.action_id = t2.action_id SET claim_id=707, last_attempt_gmt='2026-03-14 07:25:22', last_attempt_local='2026-03-14 07:25:22'</p>
<p>Queries made or created this session were:</p>
<ol>
<li>Executing: BEGIN | (no parameters)</li>
<li>Executing: UPDATE wp_actionscheduler_actions t1 JOIN ( SELECT action_id from wp_actionscheduler_actions WHERE claim_id = 0 AND scheduled_date_gmt &lt;= :param0  AND status=:param1  ORDER BY priority ASC, attempts ASC, scheduled_date_gmt ASC, action_id ASC LIMIT 25 FOR UPDATE ) t2 ON t1.action_i CONTEXT: {"error":{"type":1,"file":"/var/www/html/wp-content/plugins/woocommerce/packages/action-scheduler/classes/data-stores/ActionScheduler_DBStore.php","line":1019},"remote-logging":true,"backtrace":[{"file":"/var/www/html/wp-content/plugins/woocommerce/includes/class-woocommerce.php","line":460,"function":"critical","class":"WC_Logger","type":"->"},{"function":"log_errors","class":"WooCommerce","type":"->"}]}
2026-03-14T07:25:32+00:00 CRITICAL Uncaught Error: Class 'RN_Nav_Walker' not found in /var/www/html/wp-content/themes/themes/recruiternext/template-parts/header.php:30 CONTEXT: {"error":{"type":1,"file":"/var/www/html/wp-content/themes/themes/recruiternext/template-parts/header.php","line":30},"remote-logging":true,"backtrace":["","#0 /var/www/html/wp-content/themes/themes/recruiternext/template-custom-header.php(13): include()","#1 /var/www/html/wp-includes/template-loader.php(125): include('/var/www/html/w...')","#2 /var/www/html/wp-blog-header.php(19): require_once('/var/www/html/w...')","#3 /var/www/html/index.php(17): require('/var/www/html/w...')","#4 {main}","thrown"]}
2026-03-14T07:25:55+00:00 CRITICAL Uncaught Error: Class 'RN_Nav_Walker' not found in /var/www/html/wp-content/themes/themes/recruiternext/template-parts/header.php:30 CONTEXT: {"error":{"type":1,"file":"/var/www/html/wp-content/themes/themes/recruiternext/template-parts/header.php","line":30},"remote-logging":true,"backtrace":["","#0 /var/www/html/wp-content/themes/themes/recruiternext/template-custom-header.php(13): include()","#1 /var/www/html/wp-includes/template-loader.php(125): include('/var/www/html/w...')","#2 /var/www/html/wp-blog-header.php(19): require_once('/var/www/html/w...')","#3 /var/www/html/index.php(17): require('/var/www/html/w...')","#4 {main}","thrown"]}
2026-03-14T07:26:17+00:00 CRITICAL Uncaught Error: Class 'RN_Nav_Walker' not found in /var/www/html/wp-content/themes/themes/recruiternext/template-parts/header.php:30 CONTEXT: {"error":{"type":1,"file":"/var/www/html/wp-content/themes/themes/recruiternext/template-parts/header.php","line":30},"remote-logging":true,"backtrace":["","#0 /var/www/html/wp-content/themes/themes/recruiternext/template-custom-header.php(13): include()","#1 /var/www/html/wp-includes/template-loader.php(125): include('/var/www/html/w...')","#2 /var/www/html/wp-blog-header.php(19): require_once('/var/www/html/w...')","#3 /var/www/html/index.php(17): require('/var/www/html/w...')","#4 {main}","thrown"]}
2026-03-14T07:26:18+00:00 CRITICAL Uncaught RuntimeException: Unable to claim actions. Database error: <div style="clear:both">&nbsp;</div>
<div class="queries" style="clear:both;margin-bottom:2px;border:red dotted thin;">
<p>MySQL query:</p>
<p>UPDATE wp_actionscheduler_actions t1 JOIN ( SELECT action_id from wp_actionscheduler_actions WHERE claim_id = 0 AND scheduled_date_gmt <= '2026-03-14 07:26:18' AND status='pending' ORDER BY priority ASC, attempts ASC, scheduled_date_gmt ASC, action_id ASC LIMIT 25 FOR UPDATE ) t2 ON t1.action_id = t2.action_id SET claim_id=708, last_attempt_gmt='2026-03-14 07:26:18', last_attempt_local='2026-03-14 07:26:18'</p>
<p>Queries made or created this session were:</p>
<ol>
<li>Executing: BEGIN | (no parameters)</li>
<li>Executing: UPDATE wp_actionscheduler_actions t1 JOIN ( SELECT action_id from wp_actionscheduler_actions WHERE claim_id = 0 AND scheduled_date_gmt &lt;= :param0  AND status=:param1  ORDER BY priority ASC, attempts ASC, scheduled_date_gmt ASC, action_id ASC LIMIT 25 FOR UPDATE ) t2 ON t1.action_i CONTEXT: {"error":{"type":1,"file":"/var/www/html/wp-content/plugins/woocommerce/packages/action-scheduler/classes/data-stores/ActionScheduler_DBStore.php","line":1019},"remote-logging":true,"backtrace":[{"file":"/var/www/html/wp-content/plugins/woocommerce/includes/class-woocommerce.php","line":460,"function":"critical","class":"WC_Logger","type":"->"},{"function":"log_errors","class":"WooCommerce","type":"->"}]}
2026-03-14T07:26:21+00:00 CRITICAL Uncaught RuntimeException: Unable to claim actions. Database error: <div style="clear:both">&nbsp;</div>
<div class="queries" style="clear:both;margin-bottom:2px;border:red dotted thin;">
<p>MySQL query:</p>
<p>UPDATE wp_actionscheduler_actions t1 JOIN ( SELECT action_id from wp_actionscheduler_actions WHERE claim_id = 0 AND scheduled_date_gmt <= '2026-03-14 07:26:21' AND status='pending' ORDER BY priority ASC, attempts ASC, scheduled_date_gmt ASC, action_id ASC LIMIT 25 FOR UPDATE ) t2 ON t1.action_id = t2.action_id SET claim_id=709, last_attempt_gmt='2026-03-14 07:26:21', last_attempt_local='2026-03-14 07:26:21'</p>
<p>Queries made or created this session were:</p>
<ol>
<li>Executing: BEGIN | (no parameters)</li>
<li>Executing: UPDATE wp_actionscheduler_actions t1 JOIN ( SELECT action_id from wp_actionscheduler_actions WHERE claim_id = 0 AND scheduled_date_gmt &lt;= :param0  AND status=:param1  ORDER BY priority ASC, attempts ASC, scheduled_date_gmt ASC, action_id ASC LIMIT 25 FOR UPDATE ) t2 ON t1.action_i CONTEXT: {"error":{"type":1,"file":"/var/www/html/wp-content/plugins/woocommerce/packages/action-scheduler/classes/data-stores/ActionScheduler_DBStore.php","line":1019},"remote-logging":true,"backtrace":[{"file":"/var/www/html/wp-content/plugins/woocommerce/includes/class-woocommerce.php","line":460,"function":"critical","class":"WC_Logger","type":"->"},{"function":"log_errors","class":"WooCommerce","type":"->"}]}
2026-03-14T07:26:22+00:00 CRITICAL Uncaught Error: Class 'RN_Nav_Walker' not found in /var/www/html/wp-content/themes/themes/recruiternext/template-parts/header.php:30 CONTEXT: {"error":{"type":1,"file":"/var/www/html/wp-content/themes/themes/recruiternext/template-parts/header.php","line":30},"remote-logging":true,"backtrace":["","#0 /var/www/html/wp-content/themes/themes/recruiternext/template-custom-header.php(13): include()","#1 /var/www/html/wp-includes/template-loader.php(125): include('/var/www/html/w...')","#2 /var/www/html/wp-blog-header.php(19): require_once('/var/www/html/w...')","#3 /var/www/html/index.php(17): require('/var/www/html/w...')","#4 {main}","thrown"]}
2026-03-14T07:26:57+00:00 CRITICAL Uncaught Error: Class 'RN_Nav_Walker' not found in /var/www/html/wp-content/themes/themes/recruiternext/template-parts/header.php:30 CONTEXT: {"error":{"type":1,"file":"/var/www/html/wp-content/themes/themes/recruiternext/template-parts/header.php","line":30},"remote-logging":true,"backtrace":["","#0 /var/www/html/wp-content/themes/themes/recruiternext/template-custom-header.php(13): include()","#1 /var/www/html/wp-includes/template-loader.php(125): include('/var/www/html/w...')","#2 /var/www/html/wp-blog-header.php(19): require_once('/var/www/html/w...')","#3 /var/www/html/index.php(17): require('/var/www/html/w...')","#4 {main}","thrown"]}
2026-03-14T07:27:52+00:00 CRITICAL Uncaught Error: Class 'RN_Nav_Walker' not found in /var/www/html/wp-content/themes/themes/recruiternext/template-parts/header.php:30 CONTEXT: {"error":{"type":1,"file":"/var/www/html/wp-content/themes/themes/recruiternext/template-parts/header.php","line":30},"remote-logging":true,"backtrace":["","#0 /var/www/html/wp-content/themes/themes/recruiternext/template-custom-header.php(13): include()","#1 /var/www/html/wp-includes/template-loader.php(125): include('/var/www/html/w...')","#2 /var/www/html/wp-blog-header.php(19): require_once('/var/www/html/w...')","#3 /var/www/html/index.php(17): require('/var/www/html/w...')","#4 {main}","thrown"]}
2026-03-14T07:28:33+00:00 CRITICAL Uncaught RuntimeException: Unable to claim actions. Database error: <div style="clear:both">&nbsp;</div>
<div class="queries" style="clear:both;margin-bottom:2px;border:red dotted thin;">
<p>MySQL query:</p>
<p>UPDATE wp_actionscheduler_actions t1 JOIN ( SELECT action_id from wp_actionscheduler_actions WHERE claim_id = 0 AND scheduled_date_gmt <= '2026-03-14 07:28:33' AND status='pending' ORDER BY priority ASC, attempts ASC, scheduled_date_gmt ASC, action_id ASC LIMIT 25 FOR UPDATE ) t2 ON t1.action_id = t2.action_id SET claim_id=710, last_attempt_gmt='2026-03-14 07:28:33', last_attempt_local='2026-03-14 07:28:33'</p>
<p>Queries made or created this session were:</p>
<ol>
<li>Executing: BEGIN | (no parameters)</li>
<li>Executing: UPDATE wp_actionscheduler_actions t1 JOIN ( SELECT action_id from wp_actionscheduler_actions WHERE claim_id = 0 AND scheduled_date_gmt &lt;= :param0  AND status=:param1  ORDER BY priority ASC, attempts ASC, scheduled_date_gmt ASC, action_id ASC LIMIT 25 FOR UPDATE ) t2 ON t1.action_i CONTEXT: {"error":{"type":1,"file":"/var/www/html/wp-content/plugins/woocommerce/packages/action-scheduler/classes/data-stores/ActionScheduler_DBStore.php","line":1019},"remote-logging":true,"backtrace":[{"file":"/var/www/html/wp-content/plugins/woocommerce/includes/class-woocommerce.php","line":460,"function":"critical","class":"WC_Logger","type":"->"},{"function":"log_errors","class":"WooCommerce","type":"->"}]}
2026-03-14T07:28:52+00:00 CRITICAL Uncaught RuntimeException: Unable to claim actions. Database error: <div style="clear:both">&nbsp;</div>
<div class="queries" style="clear:both;margin-bottom:2px;border:red dotted thin;">
<p>MySQL query:</p>
<p>UPDATE wp_actionscheduler_actions t1 JOIN ( SELECT action_id from wp_actionscheduler_actions WHERE claim_id = 0 AND scheduled_date_gmt <= '2026-03-14 07:28:52' AND status='pending' ORDER BY priority ASC, attempts ASC, scheduled_date_gmt ASC, action_id ASC LIMIT 25 FOR UPDATE ) t2 ON t1.action_id = t2.action_id SET claim_id=711, last_attempt_gmt='2026-03-14 07:28:52', last_attempt_local='2026-03-14 07:28:52'</p>
<p>Queries made or created this session were:</p>
<ol>
<li>Executing: BEGIN | (no parameters)</li>
<li>Executing: UPDATE wp_actionscheduler_actions t1 JOIN ( SELECT action_id from wp_actionscheduler_actions WHERE claim_id = 0 AND scheduled_date_gmt &lt;= :param0  AND status=:param1  ORDER BY priority ASC, attempts ASC, scheduled_date_gmt ASC, action_id ASC LIMIT 25 FOR UPDATE ) t2 ON t1.action_i CONTEXT: {"error":{"type":1,"file":"/var/www/html/wp-content/plugins/woocommerce/packages/action-scheduler/classes/data-stores/ActionScheduler_DBStore.php","line":1019},"remote-logging":true,"backtrace":[{"file":"/var/www/html/wp-content/plugins/woocommerce/includes/class-woocommerce.php","line":460,"function":"critical","class":"WC_Logger","type":"->"},{"function":"log_errors","class":"WooCommerce","type":"->"}]}
